******************************************************************************
                  TI ARM Linker PC v20.2.4                     
******************************************************************************
>> Linked Fri Jul  8 11:01:05 2022

OUTPUT FILE NAME:   <final_project.out>
ENTRY POINT SYMBOL: "_c_int00_noargs"  address: 000068d5


MEMORY CONFIGURATION

         name            origin    length      used     unused   attr    fill
----------------------  --------  ---------  --------  --------  ----  --------
  FLASH                 00000000   00040000  00006f51  000390af  R  X
  SRAM                  20000000   00008000  00000f31  000070cf  RW X


SEGMENT ALLOCATION MAP

run origin  load origin   length   init length attrs members
----------  ----------- ---------- ----------- ----- -------
00000000    00000000    00006f58   00006f58    r-x
  00000000    00000000    0000026c   0000026c    r-- .intvecs
  0000026c    0000026c    000068cc   000068cc    r-x .text
  00006b38    00006b38    000003c1   000003c1    r-- .const
  00006f00    00006f00    00000058   00000058    r-- .cinit
20000000    20000000    00000f36   00000000    rw-
  20000000    20000000    0000026c   00000000    rw- .vtable
  20000270    20000270    00000800   00000000    rw- .stack
  20000a70    20000a70    00000400   00000000    rw- .sysmem
  20000e70    20000e70    0000007b   00000000    rw- .bss
  20000eec    20000eec    0000004a   00000000    rw- .data


SECTION ALLOCATION MAP

 output                                  attributes/
section   page    origin      length       input sections
--------  ----  ----------  ----------   ----------------
.intvecs   0    00000000    0000026c     
                  00000000    0000026c     tm4c123gh6pm_startup_ccs.obj (.intvecs)

.text      0    0000026c    000068cc     
                  0000026c    00000c20     open_interface.obj (.text)
                  00000e8c    00000a4e     rtsv7M4_T_le_v4SPD16_eabi.lib : _printfi.c.obj (.text:__TI_printfi)
                  000018da    00000002                                   : _lock.c.obj (.text:_nop)
                  000018dc    000009c8     wireless.obj (.text)
                  000022a4    000009c0     rtsv7M4_T_le_v4SPD16_eabi.lib : e_pow.c.obj (.text:pow)
                  00002c64    00000738                                   : k_rem_pio2.c.obj (.text:__kernel_rem_pio2)
                  0000339c    00000508                                   : s_tan.c.obj (.text:tan)
                  000038a4    000004d0     move.obj (.text)
                  00003d74    00000328     lcd.obj (.text)
                  0000409c    00000318     rtsv7M4_T_le_v4SPD16_eabi.lib : k_tan.c.obj (.text:__kernel_tan)
                  000043b4    000002fc     servo.obj (.text)
                  000046b0    00000270     rtsv7M4_T_le_v4SPD16_eabi.lib : _printfi.c.obj (.text:_pconv_a)
                  00004920    00000248     Timer.obj (.text)
                  00004b68    00000230     ping.obj (.text)
                  00004d98    000001d0     rtsv7M4_T_le_v4SPD16_eabi.lib : _printfi.c.obj (.text:_pconv_g)
                  00004f68    000001cc     uart.obj (.text)
                  00005134    000001b6     rtsv7M4_T_le_v4SPD16_eabi.lib : fd_add_t2.asm.obj (.text)
                  000052ea    00000002                                   : div0.asm.obj (.text)
                  000052ec    00000158                                   : e_sqrt.c.obj (.text:sqrt)
                  00005444    00000140     adc.obj (.text)
                  00005584    0000013c     rtsv7M4_T_le_v4SPD16_eabi.lib : _printfi.c.obj (.text:_pconv_e)
                  000056c0    00000136                                   : fd_div_t2.asm.obj (.text)
                  000057f6    00000002     --HOLE-- [fill = 0]
                  000057f8    00000124                                   : _printfi.c.obj (.text:fcvt)
                  0000591c    00000110                                   : s_scalbn.c.obj (.text:scalbn)
                  00005a2c    00000100                                   : memory.c.obj (.text:aligned_alloc)
                  00005b2c    000000fc                                   : fd_mul_t2.asm.obj (.text)
                  00005c28    000000f8                                   : s_floor.c.obj (.text:floor)
                  00005d20    000000f0     main.obj (.text)
                  00005e10    000000e4     rtsv7M4_T_le_v4SPD16_eabi.lib : memory.c.obj (.text:free)
                  00005ef4    000000e0     button.obj (.text)
                  00005fd4    000000b1     rtsv7M4_T_le_v4SPD16_eabi.lib : _printfi.c.obj (.text:_ltostr)
                  00006085    00000001     --HOLE-- [fill = 0]
                  00006086    0000009c                                   : memcpy_t2.asm.obj (.text)
                  00006122    00000096                                   : ull_div_t2.asm.obj (.text)
                  000061b8    00000086                                   : fd_cmp_t2.asm.obj (.text:__aeabi_cdcmple)
                  0000623e    00000086                                   : fd_cmp_t2.asm.obj (.text:__aeabi_cdrcmple)
                  000062c4    0000007a                                   : memset_t2.asm.obj (.text)
                  0000633e    00000002     --HOLE-- [fill = 0]
                  00006340    00000070                                   : memory.c.obj (.text:split)
                  000063b0    0000006e                                   : _printfi.c.obj (.text:_mcpy)
                  0000641e    0000006e                                   : fd_tos_t2.asm.obj (.text)
                  0000648c    00000068                                   : copy_decompress_lzss.c.obj (.text:decompress:lzss:__TI_decompress_lzss)
                  000064f4    00000064                                   : s_frexp.c.obj (.text:frexp)
                  00006558    00000056                                   : _printfi.c.obj (.text:_pconv_f)
                  000065ae    00000054                                   : _ltoa.c.obj (.text:__TI_ltoa)
                  00006602    00000052                                   : _printfi.c.obj (.text:_ecpy)
                  00006654    0000004c                                   : atoi.c.obj (.text:atoi)
                  000066a0    00000048                                   : fd_toi_t2.asm.obj (.text)
                  000066e8    00000044                                   : autoinit.c.obj (.text:__TI_auto_init_nobinit_nopinit:__TI_auto_init_nobinit_nopinit)
                  0000672c    00000044                                   : fd_tou_t2.asm.obj (.text)
                  00006770    00000040                                   : sprintf.c.obj (.text:sprintf)
                  000067b0    00000040                                   : vsnprintf.c.obj (.text:vsnprintf)
                  000067f0    0000003e                                   : _printfi.c.obj (.text:_fcpy)
                  0000682e    00000002     --HOLE-- [fill = 0]
                  00006830    00000038                                   : memory.c.obj (.text:calloc)
                  00006868    00000038                                   : fs_tod_t2.asm.obj (.text)
                  000068a0    00000034     driverlib.lib : interrupt.obj (.text:IntRegister)
                  000068d4    00000034     rtsv7M4_T_le_v4SPD16_eabi.lib : boot_cortex_m.c.obj (.text:_c_int00_noargs:_c_int00_noargs)
                  00006908    00000030                                   : vsnprintf.c.obj (.text:_outs)
                  00006938    0000002e                                   : i_tofd_t2.asm.obj (.text)
                  00006966    00000002     --HOLE-- [fill = 0]
                  00006968    00000028                                   : memory.c.obj (.text:free_list_insert)
                  00006990    00000020                                   : u_tofd_t2.asm.obj (.text)
                  000069b0    0000001c                                   : copy_zero_init.c.obj (.text:decompress:ZI:__TI_zero_init_nomemset:__TI_zero_init_nomemset)
                  000069cc    0000001c                                   : memory.c.obj (.text:free_list_remove)
                  000069e8    0000001c                                   : memccpy.c.obj (.text:memccpy)
                  00006a04    0000001a                                   : s_copysign.c.obj (.text:copysign)
                  00006a1e    00000018                                   : vsnprintf.c.obj (.text:_outc)
                  00006a36    00000018                                   : sprintf.c.obj (.text:_outs)
                  00006a4e    00000018     open_interface.obj (.text:oi_parseInt)
                  00006a66    00000018     rtsv7M4_T_le_v4SPD16_eabi.lib : strcmp.c.obj (.text:strcmp)
                  00006a7e    00000016                                   : strchr.c.obj (.text:strchr)
                  00006a94    00000014                                   : strcpy.c.obj (.text:strcpy)
                  00006aa8    00000014                                   : strlen.c.obj (.text:strlen)
                  00006abc    00000012                                   : wcslen.c.obj (.text:wcslen)
                  00006ace    00000010     driverlib.lib : interrupt.obj (.text:IntMasterEnable)
                  00006ade    00000010     lcd.obj (.text:lcd_clear)
                  00006aee    0000000e     rtsv7M4_T_le_v4SPD16_eabi.lib : copy_decompress_none.c.obj (.text:decompress:none:__TI_decompress_none)
                  00006afc    0000000c     driverlib.lib : cpu.obj (.text:CPUcpsie)
                  00006b08    0000000c     tm4c123gh6pm_startup_ccs.obj (.text)
                  00006b14    0000000a     rtsv7M4_T_le_v4SPD16_eabi.lib : sprintf.c.obj (.text:_outc)
                  00006b1e    00000002     --HOLE-- [fill = 0]
                  00006b20    00000008                                   : errno.c.obj (.text:__aeabi_errno_addr)
                  00006b28    00000008                                   : memory.c.obj (.text:malloc)
                  00006b30    00000004                                   : pre_init.c.obj (.text:_system_pre_init)
                  00006b34    00000004                                   : exit.c.obj (.text:abort:abort)

.const     0    00006b38    000003c1     
                  00006b38    00000158     rtsv7M4_T_le_v4SPD16_eabi.lib : k_rem_pio2.c.obj (.const:$O1$$)
                  00006c90    00000101                                   : ctype.c.obj (.const:.string:_ctypes_)
                  00006d91    00000007     main.obj (.const:.string:$P$T0$1)
                  00006d98    00000080     rtsv7M4_T_le_v4SPD16_eabi.lib : k_tan.c.obj (.const:xxx)
                  00006e18    00000032     wireless.obj (.const:.string:$P$T12$12)
                  00006e4a    00000004     wireless.obj (.const:.string:$P$T7$8)
                  00006e4e    00000002     wireless.obj (.const:.string:$P$T3$4)
                  00006e50    00000030     rtsv7M4_T_le_v4SPD16_eabi.lib : e_pow.c.obj (.const:$O1$$)
                  00006e80    00000020     wireless.obj (.const:.string:$P$T0$1)
                  00006ea0    00000020     wireless.obj (.const:.string:$P$T10$11)
                  00006ec0    00000014     wireless.obj (.const:$P$T9$10)
                  00006ed4    0000000f     open_interface.obj (.const:.string:$P$T0$3)
                  00006ee3    00000004     wireless.obj (.const:.string:$P$T8$9)
                  00006ee7    00000004     lcd.obj (.const:.string:lineAddress$1)
                  00006eeb    00000004     lcd.obj (.const:.string:lineAddresses$2)
                  00006eef    00000003     wireless.obj (.const:.string:$P$T5$6)
                  00006ef2    00000003     wireless.obj (.const:.string:$P$T6$7)
                  00006ef5    00000002     wireless.obj (.const:.string:$P$T4$5)
                  00006ef7    00000001     wireless.obj (.const:.string:$P$T1$2)
                  00006ef8    00000001     wireless.obj (.const:.string:$P$T2$3)

.cinit     0    00006f00    00000058     
                  00006f00    0000001e     (.cinit..data.load) [load image, compression = lzss]
                  00006f1e    00000002     --HOLE-- [fill = 0]
                  00006f20    0000000c     (__TI_handler_table)
                  00006f2c    00000004     --HOLE-- [fill = 0]
                  00006f30    00000008     (.cinit..bss.load) [load image, compression = zero_init]
                  00006f38    00000008     (.cinit..vtable.load) [load image, compression = zero_init]
                  00006f40    00000018     (__TI_cinit_table)

.init_array 
*          0    00000000    00000000     UNINITIALIZED

.vtable    0    20000000    0000026c     UNINITIALIZED
                  20000000    0000026c     driverlib.lib : interrupt.obj (.vtable)

.stack     0    20000270    00000800     UNINITIALIZED
                  20000270    00000004     rtsv7M4_T_le_v4SPD16_eabi.lib : boot_cortex_m.c.obj (.stack)
                  20000274    000007fc     --HOLE--

.sysmem    0    20000a70    00000400     UNINITIALIZED
                  20000a70    00000010     rtsv7M4_T_le_v4SPD16_eabi.lib : memory.c.obj (.sysmem)
                  20000a80    000003f0     --HOLE--

.bss       0    20000e70    0000007b     UNINITIALIZED
                  20000e70    00000054     lcd.obj (.bss:lastbuffer$3)
                  20000ec4    00000018     open_interface.obj (.bss:firmware$2)
                  20000edc    00000004     (.common:_timeout_ticks)
                  20000ee0    00000004     (.common:flag)
                  20000ee4    00000004     (.common:overflow)
                  20000ee8    00000001     (.common:_prevButton)
                  20000ee9    00000001     (.common:cycle)
                  20000eea    00000001     (.common:uart_data)

.data      0    20000eec    0000004a     UNINITIALIZED
                  20000eec    00000020     open_interface.obj (.data)
                  20000f0c    0000000c     ping.obj (.data)
                  20000f18    00000008     rtsv7M4_T_le_v4SPD16_eabi.lib : _lock.c.obj (.data:$O1$$)
                  20000f20    00000008                                   : memory.c.obj (.data:$O1$$)
                  20000f28    00000008     servo.obj (.data)
                  20000f30    00000004     rtsv7M4_T_le_v4SPD16_eabi.lib : errno.c.obj (.data)
                  20000f34    00000001     Timer.obj (.data)
                  20000f35    00000001     button.obj (.data)

__llvm_prf_cnts 
*          0    20000000    00000000     UNINITIALIZED

MODULE SUMMARY

       Module                         code    ro data   rw data
       ------                         ----    -------   -------
    .\
       open_interface.obj             3128    15        56     
       wireless.obj                   2504    154       0      
       move.obj                       1232    0         0      
       lcd.obj                        824     8         84     
       servo.obj                      764     0         8      
       tm4c123gh6pm_startup_ccs.obj   12      620       0      
       Timer.obj                      584     0         5      
       ping.obj                       560     0         13     
       uart.obj                       460     0         0      
       adc.obj                        320     0         0      
       main.obj                       240     7         9      
       button.obj                     224     0         2      
    +--+------------------------------+-------+---------+---------+
       Total:                         10852   804       177    
                                                               
    C:/ti/TivaWare_C_Series-2.1.4.178/driverlib/ccs/Debug/driverlib.lib
       interrupt.obj                  68      0         620    
       cpu.obj                        12      0         0      
    +--+------------------------------+-------+---------+---------+
       Total:                         80      0         620    
                                                               
    C:\ti\ccs1031\ccs\tools\compiler\ti-cgt-arm_20.2.4.LTS\lib\rtsv7M4_T_le_v4SPD16_eabi.lib
       _printfi.c.obj                 4851    0         0      
       e_pow.c.obj                    2496    48        0      
       k_rem_pio2.c.obj               1848    344       0      
       s_tan.c.obj                    1288    0         0      
       k_tan.c.obj                    792     128       0      
       memory.c.obj                   728     0         8      
       fd_add_t2.asm.obj              438     0         0      
       e_sqrt.c.obj                   344     0         0      
       fd_div_t2.asm.obj              310     0         0      
       s_scalbn.c.obj                 272     0         0      
       fd_cmp_t2.asm.obj              268     0         0      
       ctype.c.obj                    0       257       0      
       fd_mul_t2.asm.obj              252     0         0      
       s_floor.c.obj                  248     0         0      
       memcpy_t2.asm.obj              156     0         0      
       ull_div_t2.asm.obj             150     0         0      
       vsnprintf.c.obj                136     0         0      
       memset_t2.asm.obj              122     0         0      
       fd_tos_t2.asm.obj              110     0         0      
       copy_decompress_lzss.c.obj     104     0         0      
       s_frexp.c.obj                  100     0         0      
       sprintf.c.obj                  98      0         0      
       _ltoa.c.obj                    84      0         0      
       atoi.c.obj                     76      0         0      
       fd_toi_t2.asm.obj              72      0         0      
       autoinit.c.obj                 68      0         0      
       fd_tou_t2.asm.obj              68      0         0      
       fs_tod_t2.asm.obj              56      0         0      
       boot_cortex_m.c.obj            52      0         0      
       i_tofd_t2.asm.obj              46      0         0      
       u_tofd_t2.asm.obj              32      0         0      
       copy_zero_init.c.obj           28      0         0      
       memccpy.c.obj                  28      0         0      
       s_copysign.c.obj               26      0         0      
       strcmp.c.obj                   24      0         0      
       strchr.c.obj                   22      0         0      
       strcpy.c.obj                   20      0         0      
       strlen.c.obj                   20      0         0      
       wcslen.c.obj                   18      0         0      
       copy_decompress_none.c.obj     14      0         0      
       errno.c.obj                    8       0         4      
       _lock.c.obj                    2       0         8      
       exit.c.obj                     4       0         0      
       pre_init.c.obj                 4       0         0      
       div0.asm.obj                   2       0         0      
    +--+------------------------------+-------+---------+---------+
       Total:                         15885   777       20     
                                                               
       Heap:                          0       0         1024   
       Stack:                         0       0         2048   
       Linker Generated:              0       82        0      
    +--+------------------------------+-------+---------+---------+
       Grand Total:                   26817   1663      3889   


LINKER GENERATED COPY TABLES

__TI_cinit_table @ 00006f40 records: 3, size/record: 8, table size: 24
	.data: load addr=00006f00, load size=0000001e bytes, run addr=20000eec, run size=0000004a bytes, compression=lzss
	.bss: load addr=00006f30, load size=00000008 bytes, run addr=20000e70, run size=0000007b bytes, compression=zero_init
	.vtable: load addr=00006f38, load size=00000008 bytes, run addr=20000000, run size=0000026c bytes, compression=zero_init


LINKER GENERATED HANDLER TABLE

__TI_handler_table @ 00006f20 records: 3, size/record: 4, table size: 12
	index: 0, handler: __TI_zero_init
	index: 1, handler: __TI_decompress_lzss
	index: 2, handler: __TI_decompress_none


GLOBAL SYMBOLS: SORTED ALPHABETICALLY BY Name 

address   name                          
-------   ----                          
00006b35  C$$EXIT                       
00006afd  CPUcpsie                      
00000bc3  GPIOF_Handler                 
00006acf  IntMasterEnable               
000068a1  IntRegister                   
00006b09  ResetISR                      
00004b69  TIMER3B_Handler               
20000a70  __STACK_END                   
00000800  __STACK_SIZE                  
20000470  __STACK_TOP                   
00000400  __SYSMEM_SIZE                 
00006f40  __TI_CINIT_Base               
00006f58  __TI_CINIT_Limit              
00006f20  __TI_Handler_Table_Base       
00006f2c  __TI_Handler_Table_Limit      
000066e9  __TI_auto_init_nobinit_nopinit
0000648d  __TI_decompress_lzss          
00006aef  __TI_decompress_none          
000065af  __TI_ltoa                     
ffffffff  __TI_pprof_out_hndl           
00000e8d  __TI_printfi                  
ffffffff  __TI_prof_data_size           
ffffffff  __TI_prof_data_start          
00000000  __TI_static_base__            
000069b1  __TI_zero_init_nomemset       
000061b9  __aeabi_cdcmpeq               
000061b9  __aeabi_cdcmple               
0000623f  __aeabi_cdrcmple              
0000641f  __aeabi_d2f                   
000066a1  __aeabi_d2iz                  
0000672d  __aeabi_d2uiz                 
0000513f  __aeabi_dadd                  
000056c1  __aeabi_ddiv                  
00005b2d  __aeabi_dmul                  
00005135  __aeabi_dsub                  
00006b21  __aeabi_errno_addr            
00006869  __aeabi_f2d                   
00006939  __aeabi_i2d                   
000052eb  __aeabi_idiv0                 
000052eb  __aeabi_ldiv0                 
000062c5  __aeabi_memclr                
000062c5  __aeabi_memclr4               
000062c5  __aeabi_memclr8               
00006087  __aeabi_memcpy                
00006087  __aeabi_memcpy4               
00006087  __aeabi_memcpy8               
000062c7  __aeabi_memset                
000062c7  __aeabi_memset4               
000062c7  __aeabi_memset8               
00006991  __aeabi_ui2d                  
00006123  __aeabi_uldivmod              
ffffffff  __binit__                     
ffffffff  __c_args__                    
00002c65  __kernel_rem_pio2             
0000409d  __kernel_tan                  
UNDEFED   __mpu_init                    
20000270  __stack                       
20000000  __start___llvm_prf_cnts       
20000000  __stop___llvm_prf_cnts        
000068d5  _c_int00_noargs               
00006c90  _ctypes_                      
20000f18  _lock                         
000018db  _nop                          
20000ee8  _prevButton                   
20000f34  _running                      
20000a70  _sys_memory                   
UNDEFED   _system_post_cinit            
00006b31  _system_pre_init              
20000edc  _timeout_ticks                
20000f1c  _unlock                       
000018f9  a_key                         
00006b35  abort                         
00005445  adc_init                      
000054c5  adc_read                      
00005a2d  aligned_alloc                 
00006655  atoi                          
ffffffff  binit                         
00005f21  button_checkButtons           
00005f2d  button_getButton              
00005f69  button_getButtonBlocking      
00005f7d  button_getButtonChange        
00005fa7  button_getButtonChangeBlocking
00005ef5  button_init                   
00006831  calloc                        
00001b79  checkm                        
00003cef  collision_left                
00003d1b  collision_right               
00006a05  copysign                      
00006a05  copysignl                     
20000ee9  cycle                         
00001915  d_key                         
20000f14  difference                    
00001923  e_key                         
20000f30  errno                         
20000f10  falling_time                  
20000ee0  flag                          
00005c29  floor                         
00005c29  floorl                        
00005e11  free                          
000064f5  frexp                         
000064f5  frexpl                        
20000000  g_pfnRAMVectors               
00000000  g_pfnVectors                  
0000097f  go_charge                     
000054f5  ir_getDistance                
00006adf  lcd_clear                     
00003f49  lcd_gotoLine                  
00003db1  lcd_init                      
00003faf  lcd_printf                    
00003e71  lcd_putc                      
00003ea9  lcd_puts                      
00003d75  lcd_reverseNibble             
00003ec7  lcd_sendCommand               
00003f05  lcd_sendNibble                
00003f71  lcd_setCursorPos              
0000591d  ldexp                         
0000591d  ldexpl                        
00005d21  main                          
00006b29  malloc                        
00005a2d  memalign                      
000069e9  memccpy                       
00006087  memcpy                        
000062cd  memset                        
0000193f  minus_key                     
20000eec  motor_cal_factor_L            
20000ef0  motor_cal_factor_R            
00003b21  move_backward                 
000038a5  move_forward                  
0000026d  oi_alloc                      
00000aa9  oi_checkFirmware              
000002c7  oi_close                      
00000279  oi_free                       
00000ded  oi_getMotorCalibrationLeft    
00000e01  oi_getMotorCalibrationRight   
000002b1  oi_init                       
00000289  oi_init_noupdate              
00000915  oi_loadSong                   
00006a4f  oi_parseInt                   
0000032b  oi_parsePacket                
0000096b  oi_play_song                  
0000084b  oi_setLeds                    
00000db1  oi_setMotorCalibration        
0000088f  oi_setWheels                  
00000b51  oi_shutoff_init               
0000098d  oi_uartInit                   
00000a31  oi_uartReceive                
00000a77  oi_uartSendBuff               
00000a15  oi_uartSendChar               
00000a59  oi_uartSendStr                
000002d9  oi_update                     
20000ee4  overflow                      
00001ad3  p_key                         
20000f28  period_length                 
00004cab  ping_getDistance              
00004ba9  ping_init                     
00001931  plus_key                      
000022a5  pow                           
000022a5  powl                          
20000f2c  pulse_width                   
00001907  q_key                         
20000f0c  rising_time                   
000018eb  s_key                         
0000591d  scalbn                        
0000591d  scalbnl                       
00004c51  send_pulse                    
0000458d  servo_calibrate               
000043b5  servo_init                    
00004469  servo_move                    
00001a03  sound                         
00006771  sprintf                       
000052ed  sqrt                          
000052ed  sqrtl                         
00006a7f  strchr                        
00006a67  strcmp                        
00006a95  strcpy                        
00006aa9  strlen                        
0000194d  t_key                         
0000339d  tan                           
0000339d  tanl                          
00004a3f  timer_getMicros               
000049e7  timer_getMillis               
00004921  timer_init                    
000049c3  timer_pause                   
000049d5  timer_resume                  
00004999  timer_stop                    
00004a99  timer_waitMicros              
00004acb  timer_waitMillis              
00003c7d  turn_cclockwise               
00003c19  turn_clockwise                
20000eea  uart_data                     
0000509f  uart_handler                  
00004f69  uart_init                     
00005005  uart_interrupt_init           
00005065  uart_receive                  
00005049  uart_sendChar                 
00005081  uart_sendStr                  
000067b1  vsnprintf                     
000018dd  w_key                         
00006abd  wcslen                        


GLOBAL SYMBOLS: SORTED BY Symbol Address 

address   name                          
-------   ----                          
00000000  __TI_static_base__            
00000000  g_pfnVectors                  
0000026d  oi_alloc                      
00000279  oi_free                       
00000289  oi_init_noupdate              
000002b1  oi_init                       
000002c7  oi_close                      
000002d9  oi_update                     
0000032b  oi_parsePacket                
00000400  __SYSMEM_SIZE                 
00000800  __STACK_SIZE                  
0000084b  oi_setLeds                    
0000088f  oi_setWheels                  
00000915  oi_loadSong                   
0000096b  oi_play_song                  
0000097f  go_charge                     
0000098d  oi_uartInit                   
00000a15  oi_uartSendChar               
00000a31  oi_uartReceive                
00000a59  oi_uartSendStr                
00000a77  oi_uartSendBuff               
00000aa9  oi_checkFirmware              
00000b51  oi_shutoff_init               
00000bc3  GPIOF_Handler                 
00000db1  oi_setMotorCalibration        
00000ded  oi_getMotorCalibrationLeft    
00000e01  oi_getMotorCalibrationRight   
00000e8d  __TI_printfi                  
000018db  _nop                          
000018dd  w_key                         
000018eb  s_key                         
000018f9  a_key                         
00001907  q_key                         
00001915  d_key                         
00001923  e_key                         
00001931  plus_key                      
0000193f  minus_key                     
0000194d  t_key                         
00001a03  sound                         
00001ad3  p_key                         
00001b79  checkm                        
000022a5  pow                           
000022a5  powl                          
00002c65  __kernel_rem_pio2             
0000339d  tan                           
0000339d  tanl                          
000038a5  move_forward                  
00003b21  move_backward                 
00003c19  turn_clockwise                
00003c7d  turn_cclockwise               
00003cef  collision_left                
00003d1b  collision_right               
00003d75  lcd_reverseNibble             
00003db1  lcd_init                      
00003e71  lcd_putc                      
00003ea9  lcd_puts                      
00003ec7  lcd_sendCommand               
00003f05  lcd_sendNibble                
00003f49  lcd_gotoLine                  
00003f71  lcd_setCursorPos              
00003faf  lcd_printf                    
0000409d  __kernel_tan                  
000043b5  servo_init                    
00004469  servo_move                    
0000458d  servo_calibrate               
00004921  timer_init                    
00004999  timer_stop                    
000049c3  timer_pause                   
000049d5  timer_resume                  
000049e7  timer_getMillis               
00004a3f  timer_getMicros               
00004a99  timer_waitMicros              
00004acb  timer_waitMillis              
00004b69  TIMER3B_Handler               
00004ba9  ping_init                     
00004c51  send_pulse                    
00004cab  ping_getDistance              
00004f69  uart_init                     
00005005  uart_interrupt_init           
00005049  uart_sendChar                 
00005065  uart_receive                  
00005081  uart_sendStr                  
0000509f  uart_handler                  
00005135  __aeabi_dsub                  
0000513f  __aeabi_dadd                  
000052eb  __aeabi_idiv0                 
000052eb  __aeabi_ldiv0                 
000052ed  sqrt                          
000052ed  sqrtl                         
00005445  adc_init                      
000054c5  adc_read                      
000054f5  ir_getDistance                
000056c1  __aeabi_ddiv                  
0000591d  ldexp                         
0000591d  ldexpl                        
0000591d  scalbn                        
0000591d  scalbnl                       
00005a2d  aligned_alloc                 
00005a2d  memalign                      
00005b2d  __aeabi_dmul                  
00005c29  floor                         
00005c29  floorl                        
00005d21  main                          
00005e11  free                          
00005ef5  button_init                   
00005f21  button_checkButtons           
00005f2d  button_getButton              
00005f69  button_getButtonBlocking      
00005f7d  button_getButtonChange        
00005fa7  button_getButtonChangeBlocking
00006087  __aeabi_memcpy                
00006087  __aeabi_memcpy4               
00006087  __aeabi_memcpy8               
00006087  memcpy                        
00006123  __aeabi_uldivmod              
000061b9  __aeabi_cdcmpeq               
000061b9  __aeabi_cdcmple               
0000623f  __aeabi_cdrcmple              
000062c5  __aeabi_memclr                
000062c5  __aeabi_memclr4               
000062c5  __aeabi_memclr8               
000062c7  __aeabi_memset                
000062c7  __aeabi_memset4               
000062c7  __aeabi_memset8               
000062cd  memset                        
0000641f  __aeabi_d2f                   
0000648d  __TI_decompress_lzss          
000064f5  frexp                         
000064f5  frexpl                        
000065af  __TI_ltoa                     
00006655  atoi                          
000066a1  __aeabi_d2iz                  
000066e9  __TI_auto_init_nobinit_nopinit
0000672d  __aeabi_d2uiz                 
00006771  sprintf                       
000067b1  vsnprintf                     
00006831  calloc                        
00006869  __aeabi_f2d                   
000068a1  IntRegister                   
000068d5  _c_int00_noargs               
00006939  __aeabi_i2d                   
00006991  __aeabi_ui2d                  
000069b1  __TI_zero_init_nomemset       
000069e9  memccpy                       
00006a05  copysign                      
00006a05  copysignl                     
00006a4f  oi_parseInt                   
00006a67  strcmp                        
00006a7f  strchr                        
00006a95  strcpy                        
00006aa9  strlen                        
00006abd  wcslen                        
00006acf  IntMasterEnable               
00006adf  lcd_clear                     
00006aef  __TI_decompress_none          
00006afd  CPUcpsie                      
00006b09  ResetISR                      
00006b21  __aeabi_errno_addr            
00006b29  malloc                        
00006b31  _system_pre_init              
00006b35  C$$EXIT                       
00006b35  abort                         
00006c90  _ctypes_                      
00006f20  __TI_Handler_Table_Base       
00006f2c  __TI_Handler_Table_Limit      
00006f40  __TI_CINIT_Base               
00006f58  __TI_CINIT_Limit              
20000000  __start___llvm_prf_cnts       
20000000  __stop___llvm_prf_cnts        
20000000  g_pfnRAMVectors               
20000270  __stack                       
20000470  __STACK_TOP                   
20000a70  __STACK_END                   
20000a70  _sys_memory                   
20000edc  _timeout_ticks                
20000ee0  flag                          
20000ee4  overflow                      
20000ee8  _prevButton                   
20000ee9  cycle                         
20000eea  uart_data                     
20000eec  motor_cal_factor_L            
20000ef0  motor_cal_factor_R            
20000f0c  rising_time                   
20000f10  falling_time                  
20000f14  difference                    
20000f18  _lock                         
20000f1c  _unlock                       
20000f28  period_length                 
20000f2c  pulse_width                   
20000f30  errno                         
20000f34  _running                      
ffffffff  __TI_pprof_out_hndl           
ffffffff  __TI_prof_data_size           
ffffffff  __TI_prof_data_start          
ffffffff  __binit__                     
ffffffff  __c_args__                    
ffffffff  binit                         
UNDEFED   __mpu_init                    
UNDEFED   _system_post_cinit            

[199 symbols]
