******************************************************************************
                  TI ARM Linker PC v20.2.4                     
******************************************************************************
>> Linked Fri Jul  1 15:14:15 2022

OUTPUT FILE NAME:   <final _mission.out>
ENTRY POINT SYMBOL: "_c_int00_noargs"  address: 00006a21


MEMORY CONFIGURATION

         name            origin    length      used     unused   attr    fill
----------------------  --------  ---------  --------  --------  ----  --------
  FLASH                 00000000   00040000  000070c3  00038f3d  R  X
  SRAM                  20000000   00008000  00000f31  000070cf  RW X


SEGMENT ALLOCATION MAP

run origin  load origin   length   init length attrs members
----------  ----------- ---------- ----------- ----- -------
00000000    00000000    000070c8   000070c8    r-x
  00000000    00000000    0000026c   0000026c    r-- .intvecs
  0000026c    0000026c    00006a18   00006a18    r-x .text
  00006c88    00006c88    000003e7   000003e7    r-- .const
  00007070    00007070    00000058   00000058    r-- .cinit
20000000    20000000    00000f36   00000000    rw-
  20000000    20000000    0000026c   00000000    rw- .vtable
  20000270    20000270    00000800   00000000    rw- .stack
  20000a70    20000a70    00000400   00000000    rw- .sysmem
  20000e70    20000e70    0000007b   00000000    rw- .bss
  20000eec    20000eec    0000004a   00000000    rw- .data


SECTION ALLOCATION MAP

 output                                  attributes/
section   page    origin      length       input sections
--------  ----  ----------  ----------   ----------------
.intvecs   0    00000000    0000026c     
                  00000000    0000026c     tm4c123gh6pm_startup_ccs.obj (.intvecs)

.text      0    0000026c    00006a18     
                  0000026c    00000c6c     wireless.obj (.text)
                  00000ed8    00000c20     open_interface.obj (.text)
                  00001af8    00000a4e     rtsv7M4_T_le_v4SPD16_eabi.lib : _printfi.c.obj (.text:__TI_printfi)
                  00002546    00000002                                   : _lock.c.obj (.text:_nop)
                  00002548    000009c0                                   : e_pow.c.obj (.text:pow)
                  00002f08    00000738                                   : k_rem_pio2.c.obj (.text:__kernel_rem_pio2)
                  00003640    00000508                                   : s_tan.c.obj (.text:tan)
                  00003b48    00000328     lcd.obj (.text)
                  00003e70    00000318     rtsv7M4_T_le_v4SPD16_eabi.lib : k_tan.c.obj (.text:__kernel_tan)
                  00004188    000002fc     servo.obj (.text)
                  00004484    00000288     move.obj (.text)
                  0000470c    00000270     rtsv7M4_T_le_v4SPD16_eabi.lib : _printfi.c.obj (.text:_pconv_a)
                  0000497c    00000248     Timer.obj (.text)
                  00004bc4    0000023c     adc.obj (.text)
                  00004e00    00000230     ping.obj (.text)
                  00005030    000001d0     rtsv7M4_T_le_v4SPD16_eabi.lib : _printfi.c.obj (.text:_pconv_g)
                  00005200    000001cc     uart.obj (.text)
                  000053cc    000001b6     rtsv7M4_T_le_v4SPD16_eabi.lib : fd_add_t2.asm.obj (.text)
                  00005582    00000002                                   : div0.asm.obj (.text)
                  00005584    00000158                                   : e_sqrt.c.obj (.text:sqrt)
                  000056dc    0000013c                                   : _printfi.c.obj (.text:_pconv_e)
                  00005818    00000136                                   : fd_div_t2.asm.obj (.text)
                  0000594e    00000002     --HOLE-- [fill = 0]
                  00005950    00000124                                   : _printfi.c.obj (.text:fcvt)
                  00005a74    00000110                                   : s_scalbn.c.obj (.text:scalbn)
                  00005b84    00000100                                   : memory.c.obj (.text:aligned_alloc)
                  00005c84    000000fc                                   : fd_mul_t2.asm.obj (.text)
                  00005d80    000000f8                                   : s_floor.c.obj (.text:floor)
                  00005e78    000000e4                                   : memory.c.obj (.text:free)
                  00005f5c    000000e4     main.obj (.text)
                  00006040    000000e0     button.obj (.text)
                  00006120    000000b1     rtsv7M4_T_le_v4SPD16_eabi.lib : _printfi.c.obj (.text:_ltostr)
                  000061d1    00000001     --HOLE-- [fill = 0]
                  000061d2    0000009c                                   : memcpy_t2.asm.obj (.text)
                  0000626e    00000096                                   : ull_div_t2.asm.obj (.text)
                  00006304    00000086                                   : fd_cmp_t2.asm.obj (.text:__aeabi_cdcmple)
                  0000638a    00000086                                   : fd_cmp_t2.asm.obj (.text:__aeabi_cdrcmple)
                  00006410    0000007a                                   : memset_t2.asm.obj (.text)
                  0000648a    00000002     --HOLE-- [fill = 0]
                  0000648c    00000070                                   : memory.c.obj (.text:split)
                  000064fc    0000006e                                   : _printfi.c.obj (.text:_mcpy)
                  0000656a    0000006e                                   : fd_tos_t2.asm.obj (.text)
                  000065d8    00000068                                   : copy_decompress_lzss.c.obj (.text:decompress:lzss:__TI_decompress_lzss)
                  00006640    00000064                                   : s_frexp.c.obj (.text:frexp)
                  000066a4    00000056                                   : _printfi.c.obj (.text:_pconv_f)
                  000066fa    00000054                                   : _ltoa.c.obj (.text:__TI_ltoa)
                  0000674e    00000052                                   : _printfi.c.obj (.text:_ecpy)
                  000067a0    0000004c                                   : atoi.c.obj (.text:atoi)
                  000067ec    00000048                                   : fd_toi_t2.asm.obj (.text)
                  00006834    00000044                                   : autoinit.c.obj (.text:__TI_auto_init_nobinit_nopinit:__TI_auto_init_nobinit_nopinit)
                  00006878    00000044                                   : fd_tou_t2.asm.obj (.text)
                  000068bc    00000040                                   : sprintf.c.obj (.text:sprintf)
                  000068fc    00000040                                   : vsnprintf.c.obj (.text:vsnprintf)
                  0000693c    0000003e                                   : _printfi.c.obj (.text:_fcpy)
                  0000697a    00000002     --HOLE-- [fill = 0]
                  0000697c    00000038                                   : memory.c.obj (.text:calloc)
                  000069b4    00000038                                   : fs_tod_t2.asm.obj (.text)
                  000069ec    00000034     driverlib.lib : interrupt.obj (.text:IntRegister)
                  00006a20    00000034     rtsv7M4_T_le_v4SPD16_eabi.lib : boot_cortex_m.c.obj (.text:_c_int00_noargs:_c_int00_noargs)
                  00006a54    00000030                                   : vsnprintf.c.obj (.text:_outs)
                  00006a84    0000002e                                   : i_tofd_t2.asm.obj (.text)
                  00006ab2    00000002     --HOLE-- [fill = 0]
                  00006ab4    00000028                                   : memory.c.obj (.text:free_list_insert)
                  00006adc    00000020                                   : u_tofd_t2.asm.obj (.text)
                  00006afc    0000001c                                   : copy_zero_init.c.obj (.text:decompress:ZI:__TI_zero_init_nomemset:__TI_zero_init_nomemset)
                  00006b18    0000001c                                   : memory.c.obj (.text:free_list_remove)
                  00006b34    0000001c                                   : memccpy.c.obj (.text:memccpy)
                  00006b50    0000001a                                   : s_copysign.c.obj (.text:copysign)
                  00006b6a    00000018                                   : vsnprintf.c.obj (.text:_outc)
                  00006b82    00000018                                   : sprintf.c.obj (.text:_outs)
                  00006b9a    00000018     open_interface.obj (.text:oi_parseInt)
                  00006bb2    00000018     rtsv7M4_T_le_v4SPD16_eabi.lib : strcmp.c.obj (.text:strcmp)
                  00006bca    00000016                                   : strchr.c.obj (.text:strchr)
                  00006be0    00000014                                   : strcpy.c.obj (.text:strcpy)
                  00006bf4    00000014                                   : strlen.c.obj (.text:strlen)
                  00006c08    00000012                                   : wcslen.c.obj (.text:wcslen)
                  00006c1a    00000010     driverlib.lib : interrupt.obj (.text:IntMasterEnable)
                  00006c2a    00000010     lcd.obj (.text:lcd_clear)
                  00006c3a    0000000e     rtsv7M4_T_le_v4SPD16_eabi.lib : copy_decompress_none.c.obj (.text:decompress:none:__TI_decompress_none)
                  00006c48    0000000c     driverlib.lib : cpu.obj (.text:CPUcpsie)
                  00006c54    0000000c     tm4c123gh6pm_startup_ccs.obj (.text)
                  00006c60    0000000a     rtsv7M4_T_le_v4SPD16_eabi.lib : sprintf.c.obj (.text:_outc)
                  00006c6a    00000002     --HOLE-- [fill = 0]
                  00006c6c    00000008                                   : errno.c.obj (.text:__aeabi_errno_addr)
                  00006c74    00000008                                   : memory.c.obj (.text:malloc)
                  00006c7c    00000004                                   : pre_init.c.obj (.text:_system_pre_init)
                  00006c80    00000004                                   : exit.c.obj (.text:abort:abort)

.const     0    00006c88    000003e7     
                  00006c88    00000158     rtsv7M4_T_le_v4SPD16_eabi.lib : k_rem_pio2.c.obj (.const:$O1$$)
                  00006de0    00000101                                   : ctype.c.obj (.const:.string:_ctypes_)
                  00006ee1    00000007     main.obj (.const:.string:$P$T0$1)
                  00006ee8    00000080     rtsv7M4_T_le_v4SPD16_eabi.lib : k_tan.c.obj (.const:xxx)
                  00006f68    00000030                                   : e_pow.c.obj (.const:$O1$$)
                  00006f98    0000002e     wireless.obj (.const:.string:$P$T9$8)
                  00006fc6    0000002d     wireless.obj (.const:.string:$P$T5$5)
                  00006ff3    00000020     wireless.obj (.const:.string:$P$T0$1)
                  00007013    00000020     wireless.obj (.const:.string:$P$T6$6)
                  00007033    00000001     --HOLE-- [fill = 0]
                  00007034    00000010     wireless.obj (.const:$P$T4$4)
                  00007044    00000010     wireless.obj (.const:$P$T8$7)
                  00007054    0000000f     open_interface.obj (.const:.string:$P$T0$3)
                  00007063    00000004     lcd.obj (.const:.string:lineAddress$1)
                  00007067    00000004     lcd.obj (.const:.string:lineAddresses$2)
                  0000706b    00000002     wireless.obj (.const:.string:$P$T1$2)
                  0000706d    00000002     wireless.obj (.const:.string:$P$T2$3)

.cinit     0    00007070    00000058     
                  00007070    0000001e     (.cinit..data.load) [load image, compression = lzss]
                  0000708e    00000002     --HOLE-- [fill = 0]
                  00007090    0000000c     (__TI_handler_table)
                  0000709c    00000004     --HOLE-- [fill = 0]
                  000070a0    00000008     (.cinit..bss.load) [load image, compression = zero_init]
                  000070a8    00000008     (.cinit..vtable.load) [load image, compression = zero_init]
                  000070b0    00000018     (__TI_cinit_table)

.init_array 
*          0    00000000    00000000     UNINITIALIZED

.vtable    0    20000000    0000026c     UNINITIALIZED
                  20000000    0000026c     driverlib.lib : interrupt.obj (.vtable)

.stack     0    20000270    00000800     UNINITIALIZED
                  20000270    00000004     rtsv7M4_T_le_v4SPD16_eabi.lib : boot_cortex_m.c.obj (.stack)
                  20000274    000007fc     --HOLE--

.sysmem    0    20000a70    00000400     UNINITIALIZED
                  20000a70    00000010     rtsv7M4_T_le_v4SPD16_eabi.lib : memory.c.obj (.sysmem)
                  20000a80    000003f0     --HOLE--

.bss       0    20000e70    0000007b     UNINITIALIZED
                  20000e70    00000054     lcd.obj (.bss:lastbuffer$3)
                  20000ec4    00000018     open_interface.obj (.bss:firmware$2)
                  20000edc    00000004     (.common:_timeout_ticks)
                  20000ee0    00000004     (.common:flag)
                  20000ee4    00000004     (.common:overflow)
                  20000ee8    00000001     (.common:_prevButton)
                  20000ee9    00000001     (.common:cycle)
                  20000eea    00000001     (.common:uart_data)

.data      0    20000eec    0000004a     UNINITIALIZED
                  20000eec    00000020     open_interface.obj (.data)
                  20000f0c    0000000c     ping.obj (.data)
                  20000f18    00000008     rtsv7M4_T_le_v4SPD16_eabi.lib : _lock.c.obj (.data:$O1$$)
                  20000f20    00000008                                   : memory.c.obj (.data:$O1$$)
                  20000f28    00000008     servo.obj (.data)
                  20000f30    00000004     rtsv7M4_T_le_v4SPD16_eabi.lib : errno.c.obj (.data)
                  20000f34    00000001     Timer.obj (.data)
                  20000f35    00000001     button.obj (.data)

__llvm_prf_cnts 
*          0    20000000    00000000     UNINITIALIZED

MODULE SUMMARY

       Module                         code    ro data   rw data
       ------                         ----    -------   -------
    .\
       wireless.obj                   3180    191       0      
       open_interface.obj             3128    15        56     
       lcd.obj                        824     8         84     
       servo.obj                      764     0         8      
       move.obj                       648     0         0      
       tm4c123gh6pm_startup_ccs.obj   12      620       0      
       Timer.obj                      584     0         5      
       ping.obj                       560     0         13     
       adc.obj                        572     0         0      
       uart.obj                       460     0         0      
       main.obj                       228     7         9      
       button.obj                     224     0         2      
    +--+------------------------------+-------+---------+---------+
       Total:                         11184   841       177    
                                                               
    C:/ti/TivaWare_C_Series-2.1.4.178/driverlib/ccs/Debug/driverlib.lib
       interrupt.obj                  68      0         620    
       cpu.obj                        12      0         0      
    +--+------------------------------+-------+---------+---------+
       Total:                         80      0         620    
                                                               
    C:\ti\ccs1031\ccs\tools\compiler\ti-cgt-arm_20.2.4.LTS\lib\rtsv7M4_T_le_v4SPD16_eabi.lib
       _printfi.c.obj                 4851    0         0      
       e_pow.c.obj                    2496    48        0      
       k_rem_pio2.c.obj               1848    344       0      
       s_tan.c.obj                    1288    0         0      
       k_tan.c.obj                    792     128       0      
       memory.c.obj                   728     0         8      
       fd_add_t2.asm.obj              438     0         0      
       e_sqrt.c.obj                   344     0         0      
       fd_div_t2.asm.obj              310     0         0      
       s_scalbn.c.obj                 272     0         0      
       fd_cmp_t2.asm.obj              268     0         0      
       ctype.c.obj                    0       257       0      
       fd_mul_t2.asm.obj              252     0         0      
       s_floor.c.obj                  248     0         0      
       memcpy_t2.asm.obj              156     0         0      
       ull_div_t2.asm.obj             150     0         0      
       vsnprintf.c.obj                136     0         0      
       memset_t2.asm.obj              122     0         0      
       fd_tos_t2.asm.obj              110     0         0      
       copy_decompress_lzss.c.obj     104     0         0      
       s_frexp.c.obj                  100     0         0      
       sprintf.c.obj                  98      0         0      
       _ltoa.c.obj                    84      0         0      
       atoi.c.obj                     76      0         0      
       fd_toi_t2.asm.obj              72      0         0      
       autoinit.c.obj                 68      0         0      
       fd_tou_t2.asm.obj              68      0         0      
       fs_tod_t2.asm.obj              56      0         0      
       boot_cortex_m.c.obj            52      0         0      
       i_tofd_t2.asm.obj              46      0         0      
       u_tofd_t2.asm.obj              32      0         0      
       copy_zero_init.c.obj           28      0         0      
       memccpy.c.obj                  28      0         0      
       s_copysign.c.obj               26      0         0      
       strcmp.c.obj                   24      0         0      
       strchr.c.obj                   22      0         0      
       strcpy.c.obj                   20      0         0      
       strlen.c.obj                   20      0         0      
       wcslen.c.obj                   18      0         0      
       copy_decompress_none.c.obj     14      0         0      
       errno.c.obj                    8       0         4      
       _lock.c.obj                    2       0         8      
       exit.c.obj                     4       0         0      
       pre_init.c.obj                 4       0         0      
       div0.asm.obj                   2       0         0      
    +--+------------------------------+-------+---------+---------+
       Total:                         15885   777       20     
                                                               
       Heap:                          0       0         1024   
       Stack:                         0       0         2048   
       Linker Generated:              0       82        0      
    +--+------------------------------+-------+---------+---------+
       Grand Total:                   27149   1700      3889   


LINKER GENERATED COPY TABLES

__TI_cinit_table @ 000070b0 records: 3, size/record: 8, table size: 24
	.data: load addr=00007070, load size=0000001e bytes, run addr=20000eec, run size=0000004a bytes, compression=lzss
	.bss: load addr=000070a0, load size=00000008 bytes, run addr=20000e70, run size=0000007b bytes, compression=zero_init
	.vtable: load addr=000070a8, load size=00000008 bytes, run addr=20000000, run size=0000026c bytes, compression=zero_init


LINKER GENERATED HANDLER TABLE

__TI_handler_table @ 00007090 records: 3, size/record: 4, table size: 12
	index: 0, handler: __TI_zero_init
	index: 1, handler: __TI_decompress_lzss
	index: 2, handler: __TI_decompress_none


GLOBAL SYMBOLS: SORTED ALPHABETICALLY BY Name 

address   name                          
-------   ----                          
00006c81  C$$EXIT                       
00006c49  CPUcpsie                      
0000182f  GPIOF_Handler                 
00006c1b  IntMasterEnable               
000069ed  IntRegister                   
00006c55  ResetISR                      
00004e01  TIMER3B_Handler               
20000a70  __STACK_END                   
00000800  __STACK_SIZE                  
20000470  __STACK_TOP                   
00000400  __SYSMEM_SIZE                 
000070b0  __TI_CINIT_Base               
000070c8  __TI_CINIT_Limit              
00007090  __TI_Handler_Table_Base       
0000709c  __TI_Handler_Table_Limit      
00006835  __TI_auto_init_nobinit_nopinit
000065d9  __TI_decompress_lzss          
00006c3b  __TI_decompress_none          
000066fb  __TI_ltoa                     
ffffffff  __TI_pprof_out_hndl           
00001af9  __TI_printfi                  
ffffffff  __TI_prof_data_size           
ffffffff  __TI_prof_data_start          
00000000  __TI_static_base__            
00006afd  __TI_zero_init_nomemset       
00006305  __aeabi_cdcmpeq               
00006305  __aeabi_cdcmple               
0000638b  __aeabi_cdrcmple              
0000656b  __aeabi_d2f                   
000067ed  __aeabi_d2iz                  
00006879  __aeabi_d2uiz                 
000053d7  __aeabi_dadd                  
00005819  __aeabi_ddiv                  
00005c85  __aeabi_dmul                  
000053cd  __aeabi_dsub                  
00006c6d  __aeabi_errno_addr            
000069b5  __aeabi_f2d                   
00006a85  __aeabi_i2d                   
00005583  __aeabi_idiv0                 
00005583  __aeabi_ldiv0                 
00006411  __aeabi_memclr                
00006411  __aeabi_memclr4               
00006411  __aeabi_memclr8               
000061d3  __aeabi_memcpy                
000061d3  __aeabi_memcpy4               
000061d3  __aeabi_memcpy8               
00006413  __aeabi_memset                
00006413  __aeabi_memset4               
00006413  __aeabi_memset8               
00006add  __aeabi_ui2d                  
0000626f  __aeabi_uldivmod              
ffffffff  __binit__                     
ffffffff  __c_args__                    
00002f09  __kernel_rem_pio2             
00003e71  __kernel_tan                  
UNDEFED   __mpu_init                    
20000270  __stack                       
20000000  __start___llvm_prf_cnts       
20000000  __stop___llvm_prf_cnts        
00006a21  _c_int00_noargs               
00006de0  _ctypes_                      
20000f18  _lock                         
00002547  _nop                          
20000ee8  _prevButton                   
20000f34  _running                      
20000a70  _sys_memory                   
UNDEFED   _system_post_cinit            
00006c7d  _system_pre_init              
20000edc  _timeout_ticks                
20000f1c  _unlock                       
00000289  a_key                         
00006c81  abort                         
00005b85  aligned_alloc                 
000067a1  atoi                          
ffffffff  binit                         
0000606d  button_checkButtons           
00006079  button_getButton              
000060b5  button_getButtonBlocking      
000060c9  button_getButtonChange        
000060f3  button_getButtonChangeBlocking
00006041  button_init                   
000003ad  c_key                         
0000697d  calloc                        
000003c1  check                         
0000096d  checkm                        
0000469d  collision_left                
000046c9  collision_right               
00006b51  copysign                      
00006b51  copysignl                     
20000ee9  cycle                         
000002a5  d_key                         
20000f14  difference                    
000002b3  e_key                         
20000f30  errno                         
20000f10  falling_time                  
20000ee0  flag                          
00005d81  floor                         
00005d81  floorl                        
00005e79  free                          
00006641  frexp                         
00006641  frexpl                        
20000000  g_pfnRAMVectors               
00000000  g_pfnVectors                  
000015eb  go_charge                     
00004c3f  ir_getDist                    
00004bc5  ir_initalize                  
00004c2d  ir_read                       
00006c2b  lcd_clear                     
00003d1d  lcd_gotoLine                  
00003b85  lcd_init                      
00003d83  lcd_printf                    
00003c45  lcd_putc                      
00003c7d  lcd_puts                      
00003b49  lcd_reverseNibble             
00003c9b  lcd_sendCommand               
00003cd9  lcd_sendNibble                
00003d45  lcd_setCursorPos              
00005a75  ldexp                         
00005a75  ldexpl                        
00005f5d  main                          
00006c75  malloc                        
00005b85  memalign                      
00006b35  memccpy                       
000061d3  memcpy                        
00006419  memset                        
20000eec  motor_cal_factor_L            
20000ef0  motor_cal_factor_R            
00004577  move_backward                 
00004485  move_forward                  
00000ed9  oi_alloc                      
00001715  oi_checkFirmware              
00000f33  oi_close                      
00000ee5  oi_free                       
00001a59  oi_getMotorCalibrationLeft    
00001a6d  oi_getMotorCalibrationRight   
00000f1d  oi_init                       
00000ef5  oi_init_noupdate              
00001581  oi_loadSong                   
00006b9b  oi_parseInt                   
00000f97  oi_parsePacket                
000015d7  oi_play_song                  
000014b7  oi_setLeds                    
00001a1d  oi_setMotorCalibration        
000014fb  oi_setWheels                  
000017bd  oi_shutoff_init               
000015f9  oi_uartInit                   
0000169d  oi_uartReceive                
000016e3  oi_uartSendBuff               
00001681  oi_uartSendChar               
000016c5  oi_uartSendStr                
00000f45  oi_update                     
20000ee4  overflow                      
00000377  p_key                         
20000f28  period_length                 
00004f43  ping_getDistance              
00004e41  ping_init                     
00002549  pow                           
00002549  powl                          
20000f2c  pulse_width                   
00000297  q_key                         
20000f0c  rising_time                   
0000027b  s_key                         
00005a75  scalbn                        
00005a75  scalbnl                       
00004ee9  send_pulse                    
00004361  servo_calibrate               
00004189  servo_init                    
0000423d  servo_move                    
000068bd  sprintf                       
00005585  sqrt                          
00005585  sqrtl                         
00006bcb  strchr                        
00006bb3  strcmp                        
00006be1  strcpy                        
00006bf5  strlen                        
000002c1  t_key                         
00003641  tan                           
00003641  tanl                          
00004a9b  timer_getMicros               
00004a43  timer_getMillis               
0000497d  timer_init                    
00004a1f  timer_pause                   
00004a31  timer_resume                  
000049f5  timer_stop                    
00004af5  timer_waitMicros              
00004b27  timer_waitMillis              
0000463b  turn_cclockwise               
000045d7  turn_clockwise                
20000eea  uart_data                     
00005337  uart_handler                  
00005201  uart_init                     
0000529d  uart_interrupt_init           
000052fd  uart_receive                  
000052e1  uart_sendChar                 
00005319  uart_sendStr                  
000068fd  vsnprintf                     
0000026d  w_key                         
00006c09  wcslen                        


GLOBAL SYMBOLS: SORTED BY Symbol Address 

address   name                          
-------   ----                          
00000000  __TI_static_base__            
00000000  g_pfnVectors                  
0000026d  w_key                         
0000027b  s_key                         
00000289  a_key                         
00000297  q_key                         
000002a5  d_key                         
000002b3  e_key                         
000002c1  t_key                         
00000377  p_key                         
000003ad  c_key                         
000003c1  check                         
00000400  __SYSMEM_SIZE                 
00000800  __STACK_SIZE                  
0000096d  checkm                        
00000ed9  oi_alloc                      
00000ee5  oi_free                       
00000ef5  oi_init_noupdate              
00000f1d  oi_init                       
00000f33  oi_close                      
00000f45  oi_update                     
00000f97  oi_parsePacket                
000014b7  oi_setLeds                    
000014fb  oi_setWheels                  
00001581  oi_loadSong                   
000015d7  oi_play_song                  
000015eb  go_charge                     
000015f9  oi_uartInit                   
00001681  oi_uartSendChar               
0000169d  oi_uartReceive                
000016c5  oi_uartSendStr                
000016e3  oi_uartSendBuff               
00001715  oi_checkFirmware              
000017bd  oi_shutoff_init               
0000182f  GPIOF_Handler                 
00001a1d  oi_setMotorCalibration        
00001a59  oi_getMotorCalibrationLeft    
00001a6d  oi_getMotorCalibrationRight   
00001af9  __TI_printfi                  
00002547  _nop                          
00002549  pow                           
00002549  powl                          
00002f09  __kernel_rem_pio2             
00003641  tan                           
00003641  tanl                          
00003b49  lcd_reverseNibble             
00003b85  lcd_init                      
00003c45  lcd_putc                      
00003c7d  lcd_puts                      
00003c9b  lcd_sendCommand               
00003cd9  lcd_sendNibble                
00003d1d  lcd_gotoLine                  
00003d45  lcd_setCursorPos              
00003d83  lcd_printf                    
00003e71  __kernel_tan                  
00004189  servo_init                    
0000423d  servo_move                    
00004361  servo_calibrate               
00004485  move_forward                  
00004577  move_backward                 
000045d7  turn_clockwise                
0000463b  turn_cclockwise               
0000469d  collision_left                
000046c9  collision_right               
0000497d  timer_init                    
000049f5  timer_stop                    
00004a1f  timer_pause                   
00004a31  timer_resume                  
00004a43  timer_getMillis               
00004a9b  timer_getMicros               
00004af5  timer_waitMicros              
00004b27  timer_waitMillis              
00004bc5  ir_initalize                  
00004c2d  ir_read                       
00004c3f  ir_getDist                    
00004e01  TIMER3B_Handler               
00004e41  ping_init                     
00004ee9  send_pulse                    
00004f43  ping_getDistance              
00005201  uart_init                     
0000529d  uart_interrupt_init           
000052e1  uart_sendChar                 
000052fd  uart_receive                  
00005319  uart_sendStr                  
00005337  uart_handler                  
000053cd  __aeabi_dsub                  
000053d7  __aeabi_dadd                  
00005583  __aeabi_idiv0                 
00005583  __aeabi_ldiv0                 
00005585  sqrt                          
00005585  sqrtl                         
00005819  __aeabi_ddiv                  
00005a75  ldexp                         
00005a75  ldexpl                        
00005a75  scalbn                        
00005a75  scalbnl                       
00005b85  aligned_alloc                 
00005b85  memalign                      
00005c85  __aeabi_dmul                  
00005d81  floor                         
00005d81  floorl                        
00005e79  free                          
00005f5d  main                          
00006041  button_init                   
0000606d  button_checkButtons           
00006079  button_getButton              
000060b5  button_getButtonBlocking      
000060c9  button_getButtonChange        
000060f3  button_getButtonChangeBlocking
000061d3  __aeabi_memcpy                
000061d3  __aeabi_memcpy4               
000061d3  __aeabi_memcpy8               
000061d3  memcpy                        
0000626f  __aeabi_uldivmod              
00006305  __aeabi_cdcmpeq               
00006305  __aeabi_cdcmple               
0000638b  __aeabi_cdrcmple              
00006411  __aeabi_memclr                
00006411  __aeabi_memclr4               
00006411  __aeabi_memclr8               
00006413  __aeabi_memset                
00006413  __aeabi_memset4               
00006413  __aeabi_memset8               
00006419  memset                        
0000656b  __aeabi_d2f                   
000065d9  __TI_decompress_lzss          
00006641  frexp                         
00006641  frexpl                        
000066fb  __TI_ltoa                     
000067a1  atoi                          
000067ed  __aeabi_d2iz                  
00006835  __TI_auto_init_nobinit_nopinit
00006879  __aeabi_d2uiz                 
000068bd  sprintf                       
000068fd  vsnprintf                     
0000697d  calloc                        
000069b5  __aeabi_f2d                   
000069ed  IntRegister                   
00006a21  _c_int00_noargs               
00006a85  __aeabi_i2d                   
00006add  __aeabi_ui2d                  
00006afd  __TI_zero_init_nomemset       
00006b35  memccpy                       
00006b51  copysign                      
00006b51  copysignl                     
00006b9b  oi_parseInt                   
00006bb3  strcmp                        
00006bcb  strchr                        
00006be1  strcpy                        
00006bf5  strlen                        
00006c09  wcslen                        
00006c1b  IntMasterEnable               
00006c2b  lcd_clear                     
00006c3b  __TI_decompress_none          
00006c49  CPUcpsie                      
00006c55  ResetISR                      
00006c6d  __aeabi_errno_addr            
00006c75  malloc                        
00006c7d  _system_pre_init              
00006c81  C$$EXIT                       
00006c81  abort                         
00006de0  _ctypes_                      
00007090  __TI_Handler_Table_Base       
0000709c  __TI_Handler_Table_Limit      
000070b0  __TI_CINIT_Base               
000070c8  __TI_CINIT_Limit              
20000000  __start___llvm_prf_cnts       
20000000  __stop___llvm_prf_cnts        
20000000  g_pfnRAMVectors               
20000270  __stack                       
20000470  __STACK_TOP                   
20000a70  __STACK_END                   
20000a70  _sys_memory                   
20000edc  _timeout_ticks                
20000ee0  flag                          
20000ee4  overflow                      
20000ee8  _prevButton                   
20000ee9  cycle                         
20000eea  uart_data                     
20000eec  motor_cal_factor_L            
20000ef0  motor_cal_factor_R            
20000f0c  rising_time                   
20000f10  falling_time                  
20000f14  difference                    
20000f18  _lock                         
20000f1c  _unlock                       
20000f28  period_length                 
20000f2c  pulse_width                   
20000f30  errno                         
20000f34  _running                      
ffffffff  __TI_pprof_out_hndl           
ffffffff  __TI_prof_data_size           
ffffffff  __TI_prof_data_start          
ffffffff  __binit__                     
ffffffff  __c_args__                    
ffffffff  binit                         
UNDEFED   __mpu_init                    
UNDEFED   _system_post_cinit            

[198 symbols]
